<html>
<body>
<pre>
<h1>µVision Build Log</h1>
<h2>Project:</h2>
C:\Keil\Workspace\Week3\MakeBlinky.uvproj
Project File Date:  04/08/2022

<h2>Output:</h2>
Build target 'Target 1'
compiling LedBlink.c...
linking...
Program Size: Code=1316 RO-data=652 RW-data=8 ZI-data=608  
".\MakeBlinky.axf" - 0 Error(s), 0 Warning(s).
Load "C:\\Keil\\Workspace\\Week3\\MakeBlinky.axf" 
Connecting: Mode=JTAG, Speed=1000000Hz
Erase Done.
Programming Done.
Verify OK.
</pre>
</body>
</html>
out a newline
  }
LedBlink.c: 1 warning, 3 errors
".\MakeBlinky.axf" - 3 Error(s), 1 Warning(s).
Target not created
Load "C:\\Keil\\Workspace\\Week3\\MakeBlinky.axf" 
_____^
*** error 56: cannot open file
Error: Flash Download failed  -  Could not load file 'C:\Keil\Workspace\Week3\MakeBlinky.axf'
Load "C:\\Keil\\Workspace\\Week3\\MakeBlinky.axf" 
_____^
*** error 56: cannot open file
Error: Flash Download failed  -  Could not load file 'C:\Keil\Workspace\Week3\MakeBlinky.axf'
